[backblue.gif]
[fade.gif]
[index.html]
[tm.devitems.com/tmart/images/favicon.ico]
[tm.devitems.com/tmart/js/vendor/modernizr-2.8.3.min.js]
[tm.devitems.com/tmart/images/logo/logo.png]
[tm.devitems.com/tmart/images/feature-img/3.png]
[tm.devitems.com/tmart/images/sidebar-img/1.jpg]
[tm.devitems.com/tmart/images/sidebar-img/2.jpg]
[tm.devitems.com/tmart/images/sidebar-img/3.jpg]
[tm.devitems.com/tmart/images/sidebar-img/4.jpg]
[tm.devitems.com/tmart/images/sidebar-img/5.jpg]
[tm.devitems.com/tmart/images/sidebar-img/6.jpg]
[tm.devitems.com/tmart/images/sidebar-img/7.jpg]
[tm.devitems.com/tmart/images/sidebar-img/8.jpg]
[tm.devitems.com/tmart/images/product/sm-img/1.jpg]
[tm.devitems.com/tmart/images/product/sm-img/2.jpg]
[tm.devitems.com/tmart/images/slider/bg/3.jpg]
[tm.devitems.com/tmart/images/popular-pro-2/1.jpg]
[tm.devitems.com/tmart/images/popular-pro-2/2.jpg]
[tm.devitems.com/tmart/images/popular-pro-2/3.jpg]
[tm.devitems.com/tmart/images/popular-pro-2/4.jpg]
[tm.devitems.com/tmart/images/popular-pro-2/6.jpg]
[tm.devitems.com/tmart/images/popular-pro-2/7.jpg]
[tm.devitems.com/tmart/images/popular-pro-2/8.jpg]
[tm.devitems.com/tmart/images/popular-pro-2/9.jpg]
[tm.devitems.com/tmart/images/popular-pro-2/10.jpg]
[tm.devitems.com/tmart/images/popular-pro-2/5.jpg]
[tm.devitems.com/tmart/images/product/big-img/1.jpg]
[tm.devitems.com/tmart/js/vendor/jquery-1.12.0.min.js]
[tm.devitems.com/tmart/js/bootstrap.min.js]
[tm.devitems.com/tmart/js/plugins.js]
[tm.devitems.com/tmart/js/slick.min.js]
[tm.devitems.com/tmart/js/owl.carousel.min.js]
[tm.devitems.com/tmart/js/waypoints.min.js]
[tm.devitems.com/tmart/js/main.js]
[tm.devitems.com/tmart/index-4.html]
[tm.devitems.com/tmart/apple-touch-icon.png]
[tm.devitems.com/tmart/css/bootstrap.min.css]
[tm.devitems.com/tmart/css/owl.carousel.min.css]
[tm.devitems.com/tmart/css/owl.theme.default.min.css]
[tm.devitems.com/tmart/css/core.css]
[tm.devitems.com/tmart/css/shortcode/shortcodes.css]
[tm.devitems.com/tmart/images/icons/send-2.png]
[tm.devitems.com/tmart/images/icons/select-option.png]
[tm.devitems.com/tmart/style.css]
[tm.devitems.com/tmart/css/responsive.css]
[tm.devitems.com/tmart/css/custom.css]
[tm.devitems.com/tmart/images/slider/bg/1.png]
[tm.devitems.com/tmart/images/slider/bg/2.png]
[tm.devitems.com/tmart/images/icons/thum2.png]
[tm.devitems.com/tmart/images/icons/thum3.png]
[tm.devitems.com/tmart/images/feature-img/5.jpg]
[tm.devitems.com/tmart/images/icons/thum4.png]
[tm.devitems.com/tmart/images/brand/6.png]
[tm.devitems.com/tmart/images/brand/7.png]
[tm.devitems.com/tmart/images/brand/8.png]
[tm.devitems.com/tmart/images/brand/9.png]
[tm.devitems.com/tmart/images/icons/thum5.png]
[tm.devitems.com/tmart/images/feature-img/2.png]
[tm.devitems.com/tmart/images/icons/thum6.png]
[tm.devitems.com/tmart/images/feature-img/1.png]
[tm.devitems.com/tmart/images/icons/thum7.png]
[tm.devitems.com/tmart/images/icons/thum8.png]
[tm.devitems.com/tmart/images/icons/thum9.png]
[tm.devitems.com/tmart/images/icons/thum10.png]
[tm.devitems.com/tmart/images/new-product/3.jpg]
[tm.devitems.com/tmart/images/product/1.png]
[tm.devitems.com/tmart/images/product/2.png]
[tm.devitems.com/tmart/images/product/3.png]
[tm.devitems.com/tmart/images/product/4.png]
[tm.devitems.com/tmart/images/product/5.png]
[tm.devitems.com/tmart/images/product/6.png]
[tm.devitems.com/tmart/images/product/7.png]
[tm.devitems.com/tmart/images/product/8.png]
[tm.devitems.com/tmart/images/product/9.png]
[tm.devitems.com/tmart/images/new-product/6.jpg]
[tm.devitems.com/tmart/images/new-product/7.jpg]
[tm.devitems.com/tmart/images/blog/blog-img/1.jpg]
[tm.devitems.com/tmart/images/blog/blog-img/2.jpg]
[tm.devitems.com/tmart/images/blog/blog-img/3.jpg]
[tm.devitems.com/tmart/index.html]
[tm.devitems.com/tmart/images/logo/2.png]
[tm.devitems.com/tmart/images/slider/bg/2.jpg]
[tm.devitems.com/tmart/images/new-product/1.jpg]
[tm.devitems.com/tmart/images/new-product/2.jpg]
[tm.devitems.com/tmart/images/product/13.png]
[tm.devitems.com/tmart/index-2.html]
[tm.devitems.com/tmart/images/feature-img/1.jpg]
[tm.devitems.com/tmart/images/feature-img/2.jpg]
[tm.devitems.com/tmart/images/feature-img/3.jpg]
[tm.devitems.com/tmart/images/feature-img/4.jpg]
[tm.devitems.com/tmart/images/popular-pro/1.jpg]
[tm.devitems.com/tmart/images/popular-pro/2.jpg]
[tm.devitems.com/tmart/images/popular-pro/3.jpg]
[tm.devitems.com/tmart/index-3.html]
[tm.devitems.com/tmart/images/slider/bg/4.jpg]
[tm.devitems.com/tmart/images/portfolio/width-variation/1.jpg]
[tm.devitems.com/tmart/images/portfolio/width-variation/2.jpg]
[tm.devitems.com/tmart/images/portfolio/width-variation/3.jpg]
[tm.devitems.com/tmart/images/portfolio/width-variation/4.jpg]
[tm.devitems.com/tmart/images/portfolio/width-variation/5.jpg]
[tm.devitems.com/tmart/images/portfolio/width-variation/6.jpg]
[tm.devitems.com/tmart/images/portfolio/width-variation/7.jpg]
[tm.devitems.com/tmart/images/portfolio/width-variation/8.jpg]
[tm.devitems.com/tmart/images/portfolio/width-variation/9.jpg]
[tm.devitems.com/tmart/images/portfolio/width-variation/10.jpg]
[tm.devitems.com/tmart/images/portfolio/width-variation/11.jpg]
[tm.devitems.com/tmart/images/portfolio/width-variation/12.jpg]
[tm.devitems.com/tmart/index-5.html]
[tm.devitems.com/tmart/images/portfolio/width-variation-2/1.jpg]
[tm.devitems.com/tmart/images/portfolio/width-variation-2/2.jpg]
[tm.devitems.com/tmart/images/portfolio/width-variation-2/3.jpg]
[tm.devitems.com/tmart/images/portfolio/width-variation-2/4.jpg]
[tm.devitems.com/tmart/images/portfolio/width-variation-2/9.jpg]
[tm.devitems.com/tmart/images/portfolio/width-variation-2/5.jpg]
[tm.devitems.com/tmart/images/portfolio/width-variation-2/6.jpg]
[tm.devitems.com/tmart/images/portfolio/width-variation-2/7.jpg]
[tm.devitems.com/tmart/images/portfolio/width-variation-2/8.jpg]
[tm.devitems.com/tmart/images/bg/3.jpg]
[tm.devitems.com/tmart/index-6.html]
[tm.devitems.com/tmart/images/logo/logo-large.png]
[tm.devitems.com/tmart/images/slider/fornt-img/man-style.png]
[tm.devitems.com/tmart/images/product-3/1.png]
[tm.devitems.com/tmart/images/product-3/2.png]
[tm.devitems.com/tmart/images/product-3/3.png]
[tm.devitems.com/tmart/images/product-3/4.png]
[tm.devitems.com/tmart/images/product-3/5.png]
[tm.devitems.com/tmart/images/product-3/6.png]
[tm.devitems.com/tmart/images/product-3/7.png]
[tm.devitems.com/tmart/images/blog/blog-img/4.jpg]
[tm.devitems.com/tmart/images/blog/blog-img/5.jpg]
[tm.devitems.com/tmart/images/blog/blog-img/6.jpg]
[tm.devitems.com/tmart/index-7.html]
[tm.devitems.com/tmart/images/product/10.png]
[tm.devitems.com/tmart/images/product/11.png]
[tm.devitems.com/tmart/images/product/12.png]
[tm.devitems.com/tmart/images/product/14.png]
[tm.devitems.com/tmart/images/product/15.png]
[tm.devitems.com/tmart/images/product/16.png]
[tm.devitems.com/tmart/index-8.html]
[tm.devitems.com/tmart/images/feature-img/banner-man.png]
[tm.devitems.com/tmart/index-9.html]
[tm.devitems.com/tmart/index-10.html]
[tm.devitems.com/tmart/images/new-product/4.jpg]
[tm.devitems.com/tmart/images/new-product/5.jpg]
[tm.devitems.com/tmart/index-11.html]
[tm.devitems.com/tmart/images/bg/2.jpg]
[tm.devitems.com/tmart/images/portfolio/equal/1.jpg]
[tm.devitems.com/tmart/images/portfolio/equal/2.jpg]
[tm.devitems.com/tmart/images/portfolio/equal/3.jpg]
[tm.devitems.com/tmart/images/portfolio/equal/4.jpg]
[tm.devitems.com/tmart/images/portfolio/equal/5.jpg]
[tm.devitems.com/tmart/images/portfolio/equal/6.jpg]
[tm.devitems.com/tmart/images/portfolio/equal/7.jpg]
[tm.devitems.com/tmart/images/portfolio/equal/9.jpg]
[tm.devitems.com/tmart/images/portfolio/equal/8.jpg]
[tm.devitems.com/tmart/portfolio-gutter-box-3.html]
[tm.devitems.com/tmart/portfolio-gutter-box-4.html]
[tm.devitems.com/tmart/portfolio-gutter-box-2.html]
[tm.devitems.com/tmart/images/portfolio/equal/11.jpg]
[tm.devitems.com/tmart/images/portfolio/equal/10.jpg]
[tm.devitems.com/tmart/images/portfolio/equal/12.jpg]
[tm.devitems.com/tmart/portfolio-nospace-box-4.html]
[tm.devitems.com/tmart/portfolio-nospace-box-3.html]
[tm.devitems.com/tmart/portfolio-nospace-box-2.html]
[tm.devitems.com/tmart/images/portfolio/equal/13.jpg]
[tm.devitems.com/tmart/images/portfolio/equal/14.jpg]
[tm.devitems.com/tmart/portfolio-gutter-full-wide-6.html]
[tm.devitems.com/tmart/portfolio-gutter-full-wide-4.html]
[tm.devitems.com/tmart/portfolio-nospace-full-wide-6.html]
[tm.devitems.com/tmart/portfolio-nospace-full-wide-4.html]
[tm.devitems.com/tmart/portfolio-card-box-4.html]
[tm.devitems.com/tmart/portfolio-card-box-3.html]
[tm.devitems.com/tmart/portfolio-card-box-2.html]
[tm.devitems.com/tmart/portfolio-card-full-wide-6.html]
[tm.devitems.com/tmart/portfolio-card-full-wide-4.html]
[tm.devitems.com/tmart/images/portfolio/masonry-col3/1.jpg]
[tm.devitems.com/tmart/images/portfolio/masonry-col3/2.jpg]
[tm.devitems.com/tmart/images/portfolio/masonry-col3/3.jpg]
[tm.devitems.com/tmart/images/portfolio/masonry-col3/4.jpg]
[tm.devitems.com/tmart/images/portfolio/masonry-col3/6.jpg]
[tm.devitems.com/tmart/images/portfolio/masonry-col3/7.jpg]
[tm.devitems.com/tmart/portfolio-masonry-4.html]
[tm.devitems.com/tmart/images/portfolio/masonry-col3/9.jpg]
[tm.devitems.com/tmart/images/portfolio/masonry-col3/5.jpg]
[tm.devitems.com/tmart/images/portfolio/masonry-col3/8.jpg]
[tm.devitems.com/tmart/portfolio-masonry-3.html]
[tm.devitems.com/tmart/images/portfolio/masonry-col3/10.jpg]
[tm.devitems.com/tmart/portfolio-masonry-2.html]
[tm.devitems.com/tmart/portfolio-nospace-masonry-4.html]
[tm.devitems.com/tmart/portfolio-nospace-masonry-3.html]
[tm.devitems.com/tmart/portfolio-nospace-masonry-2.html]
[tm.devitems.com/tmart/portfolio-gutter-masonry-fullwide-4.html]
[tm.devitems.com/tmart/portfolio-gutter-masonry-fullwide-6.html]
[tm.devitems.com/tmart/portfolio-nospace-masonry-fullwide-4.html]
[tm.devitems.com/tmart/portfolio-nospace-masonry-fullwide-6.html]
[tm.devitems.com/tmart/portfolio-gutter-box-3-carousel.html]
[tm.devitems.com/tmart/portfolio-gutter-box-3-carousel-fullwide.html]
[tm.devitems.com/tmart/portfolio-card-box-3-carousel.html]
[tm.devitems.com/tmart/portfolio-card-box-3-carousel-fullwide.html]
[tm.devitems.com/tmart/images/portfolio/justified/1.jpg]
[tm.devitems.com/tmart/images/portfolio/justified/4.jpg]
[tm.devitems.com/tmart/images/portfolio/justified/5.jpg]
[tm.devitems.com/tmart/images/portfolio/justified/6.jpg]
[tm.devitems.com/tmart/images/portfolio/justified/7.jpg]
[tm.devitems.com/tmart/images/portfolio/justified/2.jpg]
[tm.devitems.com/tmart/images/portfolio/justified/8.jpg]
[tm.devitems.com/tmart/images/portfolio/justified/3.jpg]
[tm.devitems.com/tmart/images/portfolio/justified/9.jpg]
[tm.devitems.com/tmart/portfolio-justified-box-3.html]
[tm.devitems.com/tmart/portfolio-justified-full-wide-3.html]
[tm.devitems.com/tmart/images/portfolio/justified/12.jpg]
[tm.devitems.com/tmart/images/portfolio/justified/13.jpg]
[tm.devitems.com/tmart/images/portfolio/justified/14.jpg]
[tm.devitems.com/tmart/portfolio-justified-box-nospace-3.html]
[tm.devitems.com/tmart/portfolio-justified-nospace-fullwide-3.html]
[tm.devitems.com/tmart/single-portfolio.html]
[tm.devitems.com/tmart/images/portfolio/single-portfolio/2.jpg]
[tm.devitems.com/tmart/single-portfolio-left-details.html]
[tm.devitems.com/tmart/single-portfolio-gallery.html]
[tm.devitems.com/tmart/images/portfolio/single-portfolio/3.jpg]
[tm.devitems.com/tmart/images/portfolio/single-portfolio/4.jpg]
[tm.devitems.com/tmart/images/portfolio/single-portfolio/5.jpg]
[tm.devitems.com/tmart/single-portfolio-slider.html]
[tm.devitems.com/tmart/blog.html]
[tm.devitems.com/tmart/blog-2-col.html]
[tm.devitems.com/tmart/images/blog/sm-img/1.jpg]
[tm.devitems.com/tmart/images/blog/sm-img/2.jpg]
[tm.devitems.com/tmart/images/blog/sm-img/3.jpg]
[tm.devitems.com/tmart/blog-2-col-leftsidebar.html]
[tm.devitems.com/tmart/blog-4-col-fullwide.html]
[tm.devitems.com/tmart/blog-3-col-fullwide-sidebar.html]
[tm.devitems.com/tmart/images/blog/big-images/1.jpg]
[tm.devitems.com/tmart/images/comment/1.jpg]
[tm.devitems.com/tmart/images/comment/2.jpg]
[tm.devitems.com/tmart/images/comment/3.jpg]
[tm.devitems.com/tmart/blog-details.html]
[tm.devitems.com/tmart/blog-details-left-sidebar.html]
[tm.devitems.com/tmart/shop.html]
[tm.devitems.com/tmart/shop-2-col.html]
[tm.devitems.com/tmart/shop-3-col.html]
[tm.devitems.com/tmart/shop-4-col-full-wide.html]
[tm.devitems.com/tmart/shop-6-col-full-wide.html]
[tm.devitems.com/tmart/shop-on-sale.html]
[tm.devitems.com/tmart/shop-sidebar.html]
[tm.devitems.com/tmart/shop-right-sidebar.html]
[tm.devitems.com/tmart/images/product-details/small-img/1.jpg]
[tm.devitems.com/tmart/images/product-details/small-img/2.jpg]
[tm.devitems.com/tmart/images/product-details/small-img/3.jpg]
[tm.devitems.com/tmart/images/product-details/big-img/10.jpg]
[tm.devitems.com/tmart/images/product-details/big-img/12.jpg]
[tm.devitems.com/tmart/images/product-details/big-img/11.jpg]
[tm.devitems.com/tmart/images/review/1.jpg]
[tm.devitems.com/tmart/images/review/2.jpg]
[tm.devitems.com/tmart/product-details.html]
[tm.devitems.com/tmart/images/product-details/big-img/4.jpg]
[tm.devitems.com/tmart/images/product-details/big-img/6.jpg]
[tm.devitems.com/tmart/images/product-details/big-img/5.jpg]
[tm.devitems.com/tmart/product-details-2.html]
[tm.devitems.com/tmart/images/product-details/big-img/7.jpg]
[tm.devitems.com/tmart/images/product-details/big-img/8.jpg]
[tm.devitems.com/tmart/images/product-details/big-img/9.jpg]
[tm.devitems.com/tmart/product-details-gallery-left.html]
[tm.devitems.com/tmart/product-details-gallery-right.html]
[tm.devitems.com/tmart/product-details-sticky-left.html]
[tm.devitems.com/tmart/product-details-sticky-right.html]
[tm.devitems.com/tmart/product-details-slider-box.html]
[tm.devitems.com/tmart/product-details-slider-full-wide.html]
[tm.devitems.com/tmart/images/team/1.jpg]
[tm.devitems.com/tmart/images/team/2.jpg]
[tm.devitems.com/tmart/images/team/4.jpg]
[tm.devitems.com/tmart/images/bg/4.jpg]
[tm.devitems.com/tmart/images/test/client/1.png]
[tm.devitems.com/tmart/images/test/client/2.png]
[tm.devitems.com/tmart/images/test/client/3.png]
[tm.devitems.com/tmart/images/brand/1.png]
[tm.devitems.com/tmart/images/brand/2.png]
[tm.devitems.com/tmart/images/brand/3.png]
[tm.devitems.com/tmart/images/brand/4.png]
[tm.devitems.com/tmart/images/brand/5.png]
[tm.devitems.com/tmart/about.html]
[tm.devitems.com/tmart/cart.html]
[tm.devitems.com/tmart/wishlist.html]
[tm.devitems.com/tmart/images/payment/1.jpg]
[tm.devitems.com/tmart/images/payment/2.jpg]
[tm.devitems.com/tmart/images/payment/3.jpg]
[tm.devitems.com/tmart/images/payment/4.jpg]
[tm.devitems.com/tmart/images/payment/5.jpg]
[tm.devitems.com/tmart/checkout.html]
[tm.devitems.com/tmart/team.html]
[tm.devitems.com/tmart/login-register.html]
[tm.devitems.com/tmart/images/bg/5.jpg]
[tm.devitems.com/tmart/contact.html]
[tm.devitems.com/tmart/fonts/glyphicons-halflings-regular.eot]
[tm.devitems.com/tmart/fonts/glyphicons-halflings-regulard41d.eot]
[tm.devitems.com/tmart/fonts/glyphicons-halflings-regular.woff2]
[tm.devitems.com/tmart/fonts/glyphicons-halflings-regular.woff]
[tm.devitems.com/tmart/fonts/glyphicons-halflings-regular.ttf]
[tm.devitems.com/tmart/fonts/glyphicons-halflings-regular.svg]
[tm.devitems.com/tmart/css/owl.video.play.png]
[tm.devitems.com/tmart/fonts/themify9f24.eot]
[tm.devitems.com/tmart/fonts/themifyd41d.eot]
[tm.devitems.com/tmart/fonts/themify9f24.woff]
[tm.devitems.com/tmart/fonts/themify9f24.ttf]
[tm.devitems.com/tmart/css/themify-icons.css]
[tm.devitems.com/tmart/fonts/Material-Design-Iconic-Fontd1f1.woff2]
[tm.devitems.com/tmart/fonts/Material-Design-Iconic-Fontd1f1.woff]
[tm.devitems.com/tmart/fonts/Material-Design-Iconic-Fontd1f1.ttf]
[tm.devitems.com/tmart/css/material-design-iconic-font.min.css]
[tm.devitems.com/tmart/css/plugins/animate.css]
[tm.devitems.com/tmart/css/plugins/animate-slider.css]
[tm.devitems.com/tmart/images/bg/1.jpg]
[tm.devitems.com/tmart/css/shortcode/default.css]
[tm.devitems.com/tmart/images/others/1.jpg]
[tm.devitems.com/tmart/css/plugins/images/ui-icons_444444_256x240.png]
[tm.devitems.com/tmart/css/plugins/images/ui-icons_555555_256x240.png]
[tm.devitems.com/tmart/css/plugins/images/ui-icons_ffffff_256x240.png]
[tm.devitems.com/tmart/css/plugins/images/ui-icons_777620_256x240.png]
[tm.devitems.com/tmart/css/plugins/images/ui-icons_cc0000_256x240.png]
[tm.devitems.com/tmart/css/plugins/images/ui-icons_777777_256x240.png]
[tm.devitems.com/tmart/css/plugins/jquery-ui.css]
[tm.devitems.com/tmart/css/plugins/magnific-popup.css]
[tm.devitems.com/tmart/css/plugins/slick.css]
[tm.devitems.com/tmart/css/plugins/ajax-loader.gif]
[tm.devitems.com/tmart/css/plugins/fonts/slick.eot]
[tm.devitems.com/tmart/css/plugins/fonts/slick.woff]
[tm.devitems.com/tmart/css/plugins/fonts/slickd41d.eot]
[tm.devitems.com/tmart/css/plugins/fonts/slick.ttf]
[tm.devitems.com/tmart/css/plugins/slick-theme.css]
[tm.devitems.com/tmart/css/plugins/meanmenu.css]
[tm.devitems.com/tmart/images/icons/close-20.png]
[tm.devitems.com/tmart/css/shortcode/header.css]
[tm.devitems.com/tmart/css/shortcode/slider.css]
[tm.devitems.com/tmart/images/icons/send.png]
[tm.devitems.com/tmart/css/shortcode/footer.css]
[tm.devitems.com/images/slider/bg/1.png]
[tm.devitems.com/tmart/single-product.html]
[tm.devitems.com/tmart/fonts/themify9f24.svg]
[tm.devitems.com/tmart/css/plugins/fonts/slick.svg]
